// Jest Snapshot v1, https://goo.gl/fbAQLP

exports[`Testing pagination component Pagination renders properly 1`] = `
ShallowWrapper {
  "length": 1,
  Symbol(enzyme.__root__): [Circular],
  Symbol(enzyme.__unrendered__): <Pagination
    authors=""
    categories=""
    currentPage={2}
    searchTerm=""
    totalPages={5}
/>,
  Symbol(enzyme.__renderer__): Object {
    "batchedUpdates": [Function],
    "getNode": [Function],
    "render": [Function],
    "simulateEvent": [Function],
    "unmount": [Function],
  },
  Symbol(enzyme.__node__): Object {
    "instance": null,
    "key": undefined,
    "nodeType": "host",
    "props": Object {
      "aria-label": "pagination",
      "children": <ul
        className="pagination"
>
        <li
                className="page-item"
        >
                <Link
                        className="page-link"
                        replace={false}
                        to="/search?searchTerm=&categories=&author=&page=1"
                >
                        1
                </Link>
        </li>
        <li
                className="page-item active"
        >
                <Link
                        className="page-link"
                        replace={false}
                        to="/search?searchTerm=&categories=&author=&page=2"
                >
                        2
                </Link>
        </li>
        <li
                className="page-item"
        >
                <Link
                        className="page-link"
                        replace={false}
                        to="/search?searchTerm=&categories=&author=&page=3"
                >
                        3
                </Link>
        </li>
        <li
                className="page-item"
        >
                <Link
                        className="page-link"
                        replace={false}
                        to="/search?searchTerm=&categories=&author=&page=4"
                >
                        4
                </Link>
        </li>
        <li
                className="page-item"
        >
                <Link
                        className="page-link"
                        replace={false}
                        to="/search?searchTerm=&categories=&author=&page=5"
                >
                        5
                </Link>
        </li>
</ul>,
    },
    "ref": null,
    "rendered": Object {
      "instance": null,
      "key": undefined,
      "nodeType": "host",
      "props": Object {
        "children": Array [
          <li
            className="page-item"
>
            <Link
                        className="page-link"
                        replace={false}
                        to="/search?searchTerm=&categories=&author=&page=1"
            >
                        1
            </Link>
</li>,
          <li
            className="page-item active"
>
            <Link
                        className="page-link"
                        replace={false}
                        to="/search?searchTerm=&categories=&author=&page=2"
            >
                        2
            </Link>
</li>,
          <li
            className="page-item"
>
            <Link
                        className="page-link"
                        replace={false}
                        to="/search?searchTerm=&categories=&author=&page=3"
            >
                        3
            </Link>
</li>,
          <li
            className="page-item"
>
            <Link
                        className="page-link"
                        replace={false}
                        to="/search?searchTerm=&categories=&author=&page=4"
            >
                        4
            </Link>
</li>,
          <li
            className="page-item"
>
            <Link
                        className="page-link"
                        replace={false}
                        to="/search?searchTerm=&categories=&author=&page=5"
            >
                        5
            </Link>
</li>,
        ],
        "className": "pagination",
      },
      "ref": null,
      "rendered": Array [
        Object {
          "instance": null,
          "key": "1",
          "nodeType": "host",
          "props": Object {
            "children": <Link
              className="page-link"
              replace={false}
              to="/search?searchTerm=&categories=&author=&page=1"
>
              1
</Link>,
            "className": "page-item",
          },
          "ref": null,
          "rendered": Object {
            "instance": null,
            "key": undefined,
            "nodeType": "class",
            "props": Object {
              "children": 1,
              "className": "page-link",
              "replace": false,
              "to": "/search?searchTerm=&categories=&author=&page=1",
            },
            "ref": null,
            "rendered": 1,
            "type": [Function],
          },
          "type": "li",
        },
        Object {
          "instance": null,
          "key": "2",
          "nodeType": "host",
          "props": Object {
            "children": <Link
              className="page-link"
              replace={false}
              to="/search?searchTerm=&categories=&author=&page=2"
>
              2
</Link>,
            "className": "page-item active",
          },
          "ref": null,
          "rendered": Object {
            "instance": null,
            "key": undefined,
            "nodeType": "class",
            "props": Object {
              "children": 2,
              "className": "page-link",
              "replace": false,
              "to": "/search?searchTerm=&categories=&author=&page=2",
            },
            "ref": null,
            "rendered": 2,
            "type": [Function],
          },
          "type": "li",
        },
        Object {
          "instance": null,
          "key": "3",
          "nodeType": "host",
          "props": Object {
            "children": <Link
              className="page-link"
              replace={false}
              to="/search?searchTerm=&categories=&author=&page=3"
>
              3
</Link>,
            "className": "page-item",
          },
          "ref": null,
          "rendered": Object {
            "instance": null,
            "key": undefined,
            "nodeType": "class",
            "props": Object {
              "children": 3,
              "className": "page-link",
              "replace": false,
              "to": "/search?searchTerm=&categories=&author=&page=3",
            },
            "ref": null,
            "rendered": 3,
            "type": [Function],
          },
          "type": "li",
        },
        Object {
          "instance": null,
          "key": "4",
          "nodeType": "host",
          "props": Object {
            "children": <Link
              className="page-link"
              replace={false}
              to="/search?searchTerm=&categories=&author=&page=4"
>
              4
</Link>,
            "className": "page-item",
          },
          "ref": null,
          "rendered": Object {
            "instance": null,
            "key": undefined,
            "nodeType": "class",
            "props": Object {
              "children": 4,
              "className": "page-link",
              "replace": false,
              "to": "/search?searchTerm=&categories=&author=&page=4",
            },
            "ref": null,
            "rendered": 4,
            "type": [Function],
          },
          "type": "li",
        },
        Object {
          "instance": null,
          "key": "5",
          "nodeType": "host",
          "props": Object {
            "children": <Link
              className="page-link"
              replace={false}
              to="/search?searchTerm=&categories=&author=&page=5"
>
              5
</Link>,
            "className": "page-item",
          },
          "ref": null,
          "rendered": Object {
            "instance": null,
            "key": undefined,
            "nodeType": "class",
            "props": Object {
              "children": 5,
              "className": "page-link",
              "replace": false,
              "to": "/search?searchTerm=&categories=&author=&page=5",
            },
            "ref": null,
            "rendered": 5,
            "type": [Function],
          },
          "type": "li",
        },
      ],
      "type": "ul",
    },
    "type": "nav",
  },
  Symbol(enzyme.__nodes__): Array [
    Object {
      "instance": null,
      "key": undefined,
      "nodeType": "host",
      "props": Object {
        "aria-label": "pagination",
        "children": <ul
          className="pagination"
>
          <li
                    className="page-item"
          >
                    <Link
                              className="page-link"
                              replace={false}
                              to="/search?searchTerm=&categories=&author=&page=1"
                    >
                              1
                    </Link>
          </li>
          <li
                    className="page-item active"
          >
                    <Link
                              className="page-link"
                              replace={false}
                              to="/search?searchTerm=&categories=&author=&page=2"
                    >
                              2
                    </Link>
          </li>
          <li
                    className="page-item"
          >
                    <Link
                              className="page-link"
                              replace={false}
                              to="/search?searchTerm=&categories=&author=&page=3"
                    >
                              3
                    </Link>
          </li>
          <li
                    className="page-item"
          >
                    <Link
                              className="page-link"
                              replace={false}
                              to="/search?searchTerm=&categories=&author=&page=4"
                    >
                              4
                    </Link>
          </li>
          <li
                    className="page-item"
          >
                    <Link
                              className="page-link"
                              replace={false}
                              to="/search?searchTerm=&categories=&author=&page=5"
                    >
                              5
                    </Link>
          </li>
</ul>,
      },
      "ref": null,
      "rendered": Object {
        "instance": null,
        "key": undefined,
        "nodeType": "host",
        "props": Object {
          "children": Array [
            <li
              className="page-item"
>
              <Link
                            className="page-link"
                            replace={false}
                            to="/search?searchTerm=&categories=&author=&page=1"
              >
                            1
              </Link>
</li>,
            <li
              className="page-item active"
>
              <Link
                            className="page-link"
                            replace={false}
                            to="/search?searchTerm=&categories=&author=&page=2"
              >
                            2
              </Link>
</li>,
            <li
              className="page-item"
>
              <Link
                            className="page-link"
                            replace={false}
                            to="/search?searchTerm=&categories=&author=&page=3"
              >
                            3
              </Link>
</li>,
            <li
              className="page-item"
>
              <Link
                            className="page-link"
                            replace={false}
                            to="/search?searchTerm=&categories=&author=&page=4"
              >
                            4
              </Link>
</li>,
            <li
              className="page-item"
>
              <Link
                            className="page-link"
                            replace={false}
                            to="/search?searchTerm=&categories=&author=&page=5"
              >
                            5
              </Link>
</li>,
          ],
          "className": "pagination",
        },
        "ref": null,
        "rendered": Array [
          Object {
            "instance": null,
            "key": "1",
            "nodeType": "host",
            "props": Object {
              "children": <Link
                className="page-link"
                replace={false}
                to="/search?searchTerm=&categories=&author=&page=1"
>
                1
</Link>,
              "className": "page-item",
            },
            "ref": null,
            "rendered": Object {
              "instance": null,
              "key": undefined,
              "nodeType": "class",
              "props": Object {
                "children": 1,
                "className": "page-link",
                "replace": false,
                "to": "/search?searchTerm=&categories=&author=&page=1",
              },
              "ref": null,
              "rendered": 1,
              "type": [Function],
            },
            "type": "li",
          },
          Object {
            "instance": null,
            "key": "2",
            "nodeType": "host",
            "props": Object {
              "children": <Link
                className="page-link"
                replace={false}
                to="/search?searchTerm=&categories=&author=&page=2"
>
                2
</Link>,
              "className": "page-item active",
            },
            "ref": null,
            "rendered": Object {
              "instance": null,
              "key": undefined,
              "nodeType": "class",
              "props": Object {
                "children": 2,
                "className": "page-link",
                "replace": false,
                "to": "/search?searchTerm=&categories=&author=&page=2",
              },
              "ref": null,
              "rendered": 2,
              "type": [Function],
            },
            "type": "li",
          },
          Object {
            "instance": null,
            "key": "3",
            "nodeType": "host",
            "props": Object {
              "children": <Link
                className="page-link"
                replace={false}
                to="/search?searchTerm=&categories=&author=&page=3"
>
                3
</Link>,
              "className": "page-item",
            },
            "ref": null,
            "rendered": Object {
              "instance": null,
              "key": undefined,
              "nodeType": "class",
              "props": Object {
                "children": 3,
                "className": "page-link",
                "replace": false,
                "to": "/search?searchTerm=&categories=&author=&page=3",
              },
              "ref": null,
              "rendered": 3,
              "type": [Function],
            },
            "type": "li",
          },
          Object {
            "instance": null,
            "key": "4",
            "nodeType": "host",
            "props": Object {
              "children": <Link
                className="page-link"
                replace={false}
                to="/search?searchTerm=&categories=&author=&page=4"
>
                4
</Link>,
              "className": "page-item",
            },
            "ref": null,
            "rendered": Object {
              "instance": null,
              "key": undefined,
              "nodeType": "class",
              "props": Object {
                "children": 4,
                "className": "page-link",
                "replace": false,
                "to": "/search?searchTerm=&categories=&author=&page=4",
              },
              "ref": null,
              "rendered": 4,
              "type": [Function],
            },
            "type": "li",
          },
          Object {
            "instance": null,
            "key": "5",
            "nodeType": "host",
            "props": Object {
              "children": <Link
                className="page-link"
                replace={false}
                to="/search?searchTerm=&categories=&author=&page=5"
>
                5
</Link>,
              "className": "page-item",
            },
            "ref": null,
            "rendered": Object {
              "instance": null,
              "key": undefined,
              "nodeType": "class",
              "props": Object {
                "children": 5,
                "className": "page-link",
                "replace": false,
                "to": "/search?searchTerm=&categories=&author=&page=5",
              },
              "ref": null,
              "rendered": 5,
              "type": [Function],
            },
            "type": "li",
          },
        ],
        "type": "ul",
      },
      "type": "nav",
    },
  ],
  Symbol(enzyme.__options__): Object {
    "adapter": ReactSixteenAdapter {
      "options": Object {
        "enableComponentDidUpdateOnSetState": true,
      },
    },
  },
}
`;
